// Jest Snapshot v1, https://goo.gl/fbAQLP

exports[`should render an Expense List Item 1`] = `
<div>
  <Link
    replace={false}
    to="/edit/1"
  >
    <h3>
      Gum
    </h3>
  </Link>
  <p>
    Amount: 
    195
     - Expense added:
    0
  </p>
</div>
`;
