// Jest Snapshot v1, https://goo.gl/fbAQLP

exports[`should render test page 1`] = `
<div>
  404!- 
  <Link
    replace={false}
    to="/"
  >
     Go Home 
  </Link>
</div>
`;
